[backblue.gif]
[fade.gif]
[index.html]
[pe.landlrev.com/index.html]
[pe.landlrev.com/index59ea.html]
[pe.landlrev.com/css/style.css]
[pe.landlrev.com/css/jquery.bxslider.css]
[pe.landlrev.com/cdn/js/geo/pe6_sol.js]
[pe.landlrev.com/cdn/js/countries_cur_forwd.js]
[pe.landlrev.com/cdn/js/jquery.js]
[pe.landlrev.com/cdn/js/ld.js]
[pe.landlrev.com/js/script.js]
[pe.landlrev.com/images/product.png]
[pe.landlrev.com/images/stamps_group.png]
[pe.landlrev.com/images/howuse1.png]
[pe.landlrev.com/images/howuse2.png]
[pe.landlrev.com/images/howuse3.png]
[pe.landlrev.com/images/howuse4.png]
[pe.landlrev.com/images/howuse5.png]
[pe.landlrev.com/images/feed5.png]
[pe.landlrev.com/images/feed8.png]
[pe.landlrev.com/images/feed3.png]
[pe.landlrev.com/images/feed1.png]
[pe.landlrev.com/images/feed4.png]
[pe.landlrev.com/images/feature3.png]
[pe.landlrev.com/images/feature2.png]
[pe.landlrev.com/images/feature1.png]
[pe.landlrev.com/js/timer3.js]
[pe.landlrev.com/js/script2.js]
[ajax.googleapis.com/ajax/libs/jquery/1.8.3/jquery.min.js]
[pe.landlrev.com/index59ea.html]
[pe.landlrev.com/images/logo.png]
[pe.landlrev.com/images/block1.jpg]
[pe.landlrev.com/images/block1_reason1.png]
[pe.landlrev.com/images/block1_reason2.png]
[pe.landlrev.com/images/block1_reason3.png]
[pe.landlrev.com/images/block2_2.jpg]
[pe.landlrev.com/images/block3.jpg]
[pe.landlrev.com/images/block4_2.jpg]
[pe.landlrev.com/images/block4_3.jpg]
[pe.landlrev.com/images/block1Big.jpg]
[pe.landlrev.com/images/block2_2m.jpg]
[pe.landlrev.com/images/block3m.jpg]
[pe.landlrev.com/images/block1m.jpg]
[pe.landlrev.com/css/style.css]
[pe.landlrev.com/css/jquery.bxslider.css]
[pe.landlrev.com/images/block3_(3]
[pe.landlrev.com/images/step2_backgorund.jpg]
[pe.landlrev.com/images/bx_loader.gif]
[pe.landlrev.com/images/controls.png]
